21:49:49 **** Incremental Build of configuration Debug for project exception_entry_exit ****
make -j12 all 
arm-none-eabi-gcc "../Src/main.c" -mcpu=cortex-m4 -std=gnu11 -g3 -DDEBUG -DSTM32 -DSTM32F429ZITx -DSTM32F4 -DNUCLEO_F429ZI -c -I../Inc -O0 -ffunction-sections -fdata-sections -Wall -fstack-usage -MMD -MP -MF"Src/main.d" -MT"Src/main.o" --specs=nano.specs -mfloat-abi=soft -mthumb -o "Src/main.o"
arm-none-eabi-gcc -o "exception_entry_exit.elf" @"objects.list"   -mcpu=cortex-m4 -T"/home/hanchi/cm4/course-armcortex-mx/cortexmx/exception_entry_exit/STM32F429ZITX_FLASH.ld" --specs=nosys.specs -Wl,-Map="exception_entry_exit.map" -Wl,--gc-sections -static --specs=nano.specs -mfloat-abi=soft -mthumb -Wl,--start-group -lc -lm -Wl,--end-group
Finished building target: exception_entry_exit.elf
 
arm-none-eabi-size   exception_entry_exit.elf 
arm-none-eabi-objdump -h -S  exception_entry_exit.elf  > "exception_entry_exit.list"
   text	   data	    bss	    dec	    hex	filename
   3852	    108	   1588	   5548	   15ac	exception_entry_exit.elf
Finished building: default.size.stdout
 
Finished building: exception_entry_exit.list
 
21:49:57 **** Incremental Build of configuration Debug for project exception_entry_exit ****
make -j12 all 
arm-none-eabi-size   exception_entry_exit.elf 
   text	   data	    bss	    dec	    hex	filename
   3852	    108	   1588	   5548	   15ac	exception_entry_exit.elf
Finished building: default.size.stdout
 
21:52:54 **** Incremental Build of configuration Debug for project exception_entry_exit ****
make -j12 all 
arm-none-eabi-size   exception_entry_exit.elf 
   text	   data	    bss	    dec	    hex	filename
   3852	    108	   1588	   5548	   15ac	exception_entry_exit.elf
Finished building: default.size.stdout
 
