14:27:15 **** Incremental Build of configuration Debug for project T-bit ****
make -j12 all 
arm-none-eabi-gcc "../Src/main.c" -mcpu=cortex-m4 -std=gnu11 -g3 -DDEBUG -DSTM32 -DSTM32F429ZITx -DSTM32F4 -DNUCLEO_F429ZI -c -I../Inc -O0 -ffunction-sections -fdata-sections -Wall -fstack-usage -MMD -MP -MF"Src/main.d" -MT"Src/main.o" --specs=nano.specs -mfloat-abi=soft -mthumb -o "Src/main.o"
arm-none-eabi-gcc -o "T-bit.elf" @"objects.list"   -mcpu=cortex-m4 -T"/home/hanchi/cm4/course-armcortex-mx/cortexmx/T-bit/STM32F429ZITX_FLASH.ld" --specs=nosys.specs -Wl,-Map="T-bit.map" -Wl,--gc-sections -static --specs=nano.specs -mfloat-abi=soft -mthumb -Wl,--start-group -lc -lm -Wl,--end-group
Finished building target: T-bit.elf
 
arm-none-eabi-size   T-bit.elf 
arm-none-eabi-objdump -h -S  T-bit.elf  > "T-bit.list"
   text	   data	    bss	    dec	    hex	filename
   3820	    108	   1588	   5516	   158c	T-bit.elf
Finished building: default.size.stdout
 
Finished building: T-bit.list
 
14:27:26 **** Incremental Build of configuration Debug for project T-bit ****
make -j12 all 
arm-none-eabi-size   T-bit.elf 
   text	   data	    bss	    dec	    hex	filename
   3820	    108	   1588	   5516	   158c	T-bit.elf
Finished building: default.size.stdout
 
