20:33:18 **** Incremental Build of configuration Debug for project USART3_int_pend ****
make -j12 all 
arm-none-eabi-gcc "../Src/syscalls.c" -mcpu=cortex-m4 -std=gnu11 -g3 -DDEBUG -DSTM32 -DSTM32F429ZITx -DSTM32F4 -DNUCLEO_F429ZI -c -I../Inc -O0 -ffunction-sections -fdata-sections -Wall -fstack-usage -MMD -MP -MF"Src/syscalls.d" -MT"Src/syscalls.o" --specs=nano.specs -mfloat-abi=soft -mthumb -o "Src/syscalls.o"
arm-none-eabi-gcc -o "USART3_int_pend.elf" @"objects.list"   -mcpu=cortex-m4 -T"/home/hanchi/cm4/course-armcortex-mx/cortexmx/USART3_int_pend/STM32F429ZITX_FLASH.ld" --specs=nosys.specs -Wl,-Map="USART3_int_pend.map" -Wl,--gc-sections -static --specs=nano.specs -mfloat-abi=soft -mthumb -Wl,--start-group -lc -lm -Wl,--end-group
Finished building target: USART3_int_pend.elf
 
arm-none-eabi-size   USART3_int_pend.elf 
arm-none-eabi-objdump -h -S  USART3_int_pend.elf  > "USART3_int_pend.list"
   text	   data	    bss	    dec	    hex	filename
   3824	    108	   1588	   5520	   1590	USART3_int_pend.elf
Finished building: default.size.stdout
 
Finished building: USART3_int_pend.list
 

20:33:18 Build Finished. 0 errors, 0 warnings. (took 169ms)

